Microchip MPLAB XC8 PIC(R) Assembler V2.40

Linker command line:

-W-3 \
  --edf=C:\Program Files\Microchip\xc8\v2.40\pic\dat\20220703182018_en.msgs \
  -cs -h+dist/default/debug\Planet_Tracker.debug.sym \
  --cmf=dist/default/debug\Planet_Tracker.debug.cmf -z -Q18F87K22 \
  -oC:\Users\vs1720\AppData\Local\Temp\xcAscug.4 --fixupoverflow=error \
  -ver=XC8 PIC(R) Assembler --fixupoverflow=lstwarn \
  -Mdist/default/debug/Planet_Tracker.debug.map -E1 --acfsm=1493 \
  -ACODE=00h-01FFFFh -ACONST=00h-01FFFFh -ASMALLCONST=01000h-010FFhx496 \
  -AMEDIUMCONST=01000h-0FFFFh,011000h-01FFFFh -ACOMRAM=00h-05Fh \
  -AABS1=00h-0F15h -ABIGRAM=00h-0F15h \
  -ARAM=060h-0FFh,0100h-01FFhx14,0F00h-0F15h -ABANK0=060h-0FFh \
  -ABANK1=0100h-01FFh -ABANK2=0200h-02FFh -ABANK3=0300h-03FFh \
  -ABANK4=0400h-04FFh -ABANK5=0500h-05FFh -ABANK6=0600h-06FFh \
  -ABANK7=0700h-07FFh -ABANK8=0800h-08FFh -ABANK9=0900h-09FFh \
  -ABANK10=0A00h-0AFFh -ABANK11=0B00h-0BFFh -ABANK12=0C00h-0CFFh \
  -ABANK13=0D00h-0DFFh -ABANK14=0E00h-0EFFh -ABANK15=0F00h-0F15h \
  -ASFR=0F16h-0F5Fh,0F60h-0FFFh -ABIGSFR=0F16h-0FFFh \
  -ACONFIG=0300000h-030000Dh -AIDLOC=0200000h-0200007h \
  -AEEDATA=0F00000h-0F003FFh build/default/debug/main.o \
  build/default/debug/servo.o 

Object code version is 3.11

Machine type is 18F87K22



                Name                               Link     Load   Length Selector   Space Scale
build/default/debug/main.o
                code                                  0        0       10        0       0
build/default/debug/servo.o
                servo_code                        1FFE0    1FFE0       20    1FFE0       0
                udata_acs                             0        0        1        0       1

TOTAL           Name                               Link     Load   Length     Space
        CLASS   CODE           
                code                                  0        0       10         0
                servo_code                        1FFE0    1FFE0       20         0

        CLASS   CONST          

        CLASS   SMALLCONST     

        CLASS   MEDIUMCONST    

        CLASS   COMRAM         
                udata_acs                             0        0        1         1

        CLASS   ABS1           

        CLASS   BIGRAM         

        CLASS   RAM            

        CLASS   BANK0          

        CLASS   BANK1          

        CLASS   BANK2          

        CLASS   BANK3          

        CLASS   BANK4          

        CLASS   BANK5          

        CLASS   BANK6          

        CLASS   BANK7          

        CLASS   BANK8          

        CLASS   BANK9          

        CLASS   BANK10         

        CLASS   BANK11         

        CLASS   BANK12         

        CLASS   BANK13         

        CLASS   BANK14         

        CLASS   BANK15         

        CLASS   SFR            

        CLASS   BIGSFR         

        CLASS   CONFIG         

        CLASS   IDLOC          

        CLASS   EEDATA         



SEGMENTS        Name                           Load    Length   Top    Selector   Space  Class

                udata_acs                      000000  000001  000001         0       1  COMRAM  
                servo_code                     01FFE0  000020  020000     1FFE0       0  CODE    


UNUSED ADDRESS RANGES

        Name                Unused          Largest block    Delta
        BANK0            00060-000FF              A0
        BANK1            00100-001FF             100
        BANK10           00A00-00AFF             100
        BANK11           00B00-00BFF             100
        BANK12           00C00-00CFF             100
        BANK13           00D00-00DFF             100
        BANK14           00E00-00EFF             100
        BANK15           00F00-00F15              16
        BANK2            00200-002FF             100
        BANK3            00300-003FF             100
        BANK4            00400-004FF             100
        BANK5            00500-005FF             100
        BANK6            00600-006FF             100
        BANK7            00700-007FF             100
        BANK8            00800-008FF             100
        BANK9            00900-009FF             100
        BIGRAM           00010-00F15             F06
        BIGSFR           00F16-00FFF              EA
        CODE             00010-1FFDF           1FFD0
        COMRAM           00001-0005F              5F
        CONFIG           300000-30000D               E
        CONST            00010-1FFDF           1FFD0
        EEDATA           F00000-F003FF             400
        IDLOC            200000-200007               8
        MEDIUMCONST      01000-0FFFF            F000
                         11000-1FFDF            EFE0
        RAM              00060-00F15             100
        SFR              00F16-00FFF              4A
        SMALLCONST       01000-1FFDF             100

                                  Symbol Table

__Hcode         code         00000  __Hdata         data         00000
__Hedata        edata        00000  __Hservo_code   servo_code   00000
__Hspace_0      (abs)        20000  __Hspace_1      (abs)        00001
__Hspace_3      (abs)        00000  __Hudata        udata        00000
__Hudata_acs    udata_acs    00000  __Hudata_bank0  udata_bank0  00000
__Hudata_bank1  udata_bank1  00000  __Hudata_bank10 udata_bank10 00000
__Hudata_bank11 udata_bank11 00000  __Hudata_bank12 udata_bank12 00000
__Hudata_bank13 udata_bank13 00000  __Hudata_bank14 udata_bank14 00000
__Hudata_bank15 udata_bank15 00000  __Hudata_bank2  udata_bank2  00000
__Hudata_bank3  udata_bank3  00000  __Hudata_bank4  udata_bank4  00000
__Hudata_bank5  udata_bank5  00000  __Hudata_bank6  udata_bank6  00000
__Hudata_bank7  udata_bank7  00000  __Hudata_bank8  udata_bank8  00000
__Hudata_bank9  udata_bank9  00000  __Lcode         code         00000
__Ldata         data         00000  __Ledata        edata        00000
__Lservo_code   servo_code   00000  __Lspace_0      (abs)        00000
__Lspace_1      (abs)        00000  __Lspace_3      (abs)        00000
__Ludata        udata        00000  __Ludata_acs    udata_acs    00000
__Ludata_bank0  udata_bank0  00000  __Ludata_bank1  udata_bank1  00000
__Ludata_bank10 udata_bank10 00000  __Ludata_bank11 udata_bank11 00000
__Ludata_bank12 udata_bank12 00000  __Ludata_bank13 udata_bank13 00000
__Ludata_bank14 udata_bank14 00000  __Ludata_bank15 udata_bank15 00000
__Ludata_bank2  udata_bank2  00000  __Ludata_bank3  udata_bank3  00000
__Ludata_bank4  udata_bank4  00000  __Ludata_bank5  udata_bank5  00000
__Ludata_bank6  udata_bank6  00000  __Ludata_bank7  udata_bank7  00000
__Ludata_bank8  udata_bank8  00000  __Ludata_bank9  udata_bank9  00000
__S0            (abs)        20000  __S1            (abs)        00001
__S3            (abs)        00000  checkInterrupt  servo_code   1FFF0
isa$std         (abs)        00001  isa$xinst       (abs)        00000
servoSetup      servo_code   1FFE0  servoStep       servo_code   1FFEE
